I'm sorry, but errors were detected in your script. Please correct the
errors listed below, and try again.


File "game/chapter1.rpy", line 557: expected statement.
    //jump pinkie_first_talk_part_two:
                                     ^

Ren'Py Version: Ren'Py 6.99.8.959
